Release 14.7 - xst P.20131013 (nt64)
Copyright (c) 1995-2013 Xilinx, Inc.  All rights reserved.
--> Parameter TMPDIR set to xst/projnav.tmp


Total REAL time to Xst completion: 1.00 secs
Total CPU time to Xst completion: 0.22 secs
 
--> Parameter xsthdpdir set to xst


Total REAL time to Xst completion: 1.00 secs
Total CPU time to Xst completion: 0.22 secs
 
--> Reading design: UART_RX.prj

TABLE OF CONTENTS
  1) Synthesis Options Summary
  2) HDL Compilation
  3) Design Hierarchy Analysis
  4) HDL Analysis
  5) HDL Synthesis
     5.1) HDL Synthesis Report
  6) Advanced HDL Synthesis
     6.1) Advanced HDL Synthesis Report
  7) Low Level Synthesis
  8) Partition Report
  9) Final Report
	9.1) Device utilization summary
	9.2) Partition Resource Summary
	9.3) TIMING REPORT


=========================================================================
*                      Synthesis Options Summary                        *
=========================================================================
---- Source Parameters
Input File Name                    : "UART_RX.prj"
Input Format                       : mixed
Ignore Synthesis Constraint File   : NO

---- Target Parameters
Output File Name                   : "UART_RX"
Output Format                      : NGC
Target Device                      : xc3s500e-5-fg320

---- Source Options
Top Module Name                    : UART_RX
Automatic FSM Extraction           : YES
FSM Encoding Algorithm             : Auto
Safe Implementation                : No
FSM Style                          : LUT
RAM Extraction                     : Yes
RAM Style                          : Auto
ROM Extraction                     : Yes
Mux Style                          : Auto
Decoder Extraction                 : YES
Priority Encoder Extraction        : Yes
Shift Register Extraction          : YES
Logical Shifter Extraction         : YES
XOR Collapsing                     : YES
ROM Style                          : Auto
Mux Extraction                     : Yes
Resource Sharing                   : YES
Asynchronous To Synchronous        : NO
Multiplier Style                   : Auto
Automatic Register Balancing       : No

---- Target Options
Add IO Buffers                     : YES
Global Maximum Fanout              : 100000
Add Generic Clock Buffer(BUFG)     : 24
Register Duplication               : YES
Slice Packing                      : YES
Optimize Instantiated Primitives   : NO
Use Clock Enable                   : Yes
Use Synchronous Set                : Yes
Use Synchronous Reset              : Yes
Pack IO Registers into IOBs        : Auto
Equivalent register Removal        : YES

---- General Options
Optimization Goal                  : Speed
Optimization Effort                : 1
Keep Hierarchy                     : No
Netlist Hierarchy                  : As_Optimized
RTL Output                         : Yes
Global Optimization                : AllClockNets
Read Cores                         : YES
Write Timing Constraints           : NO
Cross Clock Analysis               : NO
Hierarchy Separator                : /
Bus Delimiter                      : <>
Case Specifier                     : Maintain
Slice Utilization Ratio            : 100
BRAM Utilization Ratio             : 100
Verilog 2001                       : YES
Auto BRAM Packing                  : NO
Slice Utilization Ratio Delta      : 5

=========================================================================


=========================================================================
*                          HDL Compilation                              *
=========================================================================
Compiling vhdl file "C:/.Xilinx/tttBackup/VLCttt/UART_TX.vhd" in Library work.
Entity <uart_rx> compiled.
Entity <uart_rx> (Architecture <rtl>) compiled.

=========================================================================
*                     Design Hierarchy Analysis                         *
=========================================================================
Analyzing hierarchy for entity <UART_RX> in library <work> (architecture <rtl>) with generics.
	DATA_WIDTH = 80
	g_CLKS_PER_BIT = 5208


=========================================================================
*                            HDL Analysis                               *
=========================================================================
Analyzing generic Entity <UART_RX> in library <work> (Architecture <rtl>).
	DATA_WIDTH = 80
	g_CLKS_PER_BIT = 5208
INFO:Xst:1432 - Contents of array <Data_out> may be accessed with a negative index, causing simulation mismatch.
INFO:Xst:1433 - Contents of array <Data_out> may be accessed with an index that exceeds the array size. This could cause simulation mismatch.
Entity <UART_RX> analyzed. Unit <UART_RX> generated.


=========================================================================
*                           HDL Synthesis                               *
=========================================================================

Performing bidirectional port resolution...

Synthesizing Unit <UART_RX>.
    Related source file is "C:/.Xilinx/tttBackup/VLCttt/UART_TX.vhd".
WARNING:Xst:653 - Signal <lcu> is used but never assigned. This sourceless signal will be automatically connected to value 00000100.
WARNING:Xst:653 - Signal <dat> is used but never assigned. This sourceless signal will be automatically connected to value 0110000.
WARNING:Xst:646 - Signal <crcout> is assigned but never used. This unconnected signal will be trimmed during the optimization process.
    Found finite state machine <FSM_0> for signal <est_OOK_actual>.
    -----------------------------------------------------------------------
    | States             | 3                                              |
    | Transitions        | 6                                              |
    | Inputs             | 3                                              |
    | Outputs            | 4                                              |
    | Clock              | i_Clk                     (rising_edge)        |
    | Reset              | i_Reset                   (positive)           |
    | Reset type         | asynchronous                                   |
    | Reset State        | espera                                         |
    | Power Up State     | espera                                         |
    | Encoding           | automatic                                      |
    | Implementation     | LUT                                            |
    -----------------------------------------------------------------------
    Found finite state machine <FSM_1> for signal <est_actual>.
    -----------------------------------------------------------------------
    | States             | 6                                              |
    | Transitions        | 8                                              |
    | Inputs             | 2                                              |
    | Outputs            | 6                                              |
    | Clock              | i_Clk                     (rising_edge)        |
    | Reset              | i_Reset                   (positive)           |
    | Reset type         | asynchronous                                   |
    | Reset State        | espera                                         |
    | Power Up State     | espera                                         |
    | Encoding           | automatic                                      |
    | Implementation     | LUT                                            |
    -----------------------------------------------------------------------
    Found finite state machine <FSM_2> for signal <r_SM_Act_State>.
    -----------------------------------------------------------------------
    | States             | 5                                              |
    | Transitions        | 11                                             |
    | Inputs             | 4                                              |
    | Outputs            | 7                                              |
    | Clock              | i_Clk                     (rising_edge)        |
    | Power Up State     | s_idle                                         |
    | Encoding           | automatic                                      |
    | Implementation     | LUT                                            |
    -----------------------------------------------------------------------
    Found 8-bit register for signal <o_RX_Byte>.
    Found 8-bit subtractor for signal <$sub0000> created at line 281.
    Found 1-bit 80-to-1 multiplexer for signal <$varindex0000> created at line 337.
    Found 8-bit register for signal <contador>.
    Found 8-bit adder for signal <contador$addsub0000> created at line 224.
    Found 32-bit register for signal <contador2>.
    Found 32-bit subtractor for signal <contador2$addsub0000> created at line 330.
    Found 24-bit up counter for signal <contador_OOK>.
    Found 32-bit up counter for signal <counter1>.
    Found 1-bit register for signal <crc_ini>.
    Found 16-bit register for signal <crc_temp>.
    Found 1-bit xor2 for signal <crc_temp_0$xor0000> created at line 281.
    Found 1-bit xor2 for signal <crc_temp_15$xor0000> created at line 296.
    Found 1-bit xor2 for signal <crc_temp_2$xor0000> created at line 283.
    Found 1-bit register for signal <crcm>.
    Found 8-bit register for signal <data>.
    Found 80-bit register for signal <Data_crc>.
    Found 80-bit register for signal <Data_in>.
    Found 80-bit register for signal <Data_out>.
    Found 32-bit subtractor for signal <Data_out$addsub0000> created at line 281.
    Found 1-bit 80-to-1 multiplexer for signal <Data_out$mux0000> created at line 281.
    Found 8-bit comparator less for signal <est_actual$cmp_lt0000> created at line 228.
    Found 32-bit comparator greater for signal <est_OOK_actual$cmp_gt0000> created at line 329.
    Found 8-bit up counter for signal <idt>.
    Found 3-bit register for signal <r_Bit_Index>.
    Found 3-bit adder for signal <r_Bit_Index$addsub0000> created at line 157.
    Found 13-bit register for signal <r_Clk_Count>.
    Found 13-bit adder for signal <r_Clk_Count$share0000> created at line 118.
    Found 1-bit register for signal <r_OOK>.
    Found 8-bit register for signal <r_RX_Byte>.
    Found 1-bit register for signal <r_RX_Data>.
    Found 1-bit register for signal <r_RX_Data_R>.
    Found 1-bit register for signal <r_RX_DV>.
    Found 13-bit comparator less for signal <r_SM_Act_State$cmp_lt0000> created at line 148.
    Found 3-bit comparator less for signal <r_SM_Act_State$cmp_lt0001> created at line 156.
    Found 1-bit register for signal <temporal>.
    Summary:
	inferred   3 Finite State Machine(s).
	inferred   3 Counter(s).
	inferred 343 D-type flip-flop(s).
	inferred   6 Adder/Subtractor(s).
	inferred   4 Comparator(s).
	inferred   2 Multiplexer(s).
Unit <UART_RX> synthesized.

INFO:Xst:1767 - HDL ADVISOR - Resource sharing has identified that some arithmetic operations in this design can share the same physical resources for reduced device utilization. For improved clock frequency you may try to disable resource sharing.

=========================================================================
HDL Synthesis Report

Macro Statistics
# Adders/Subtractors                                   : 6
 13-bit adder                                          : 1
 3-bit adder                                           : 1
 32-bit subtractor                                     : 2
 8-bit adder                                           : 1
 8-bit subtractor                                      : 1
# Counters                                             : 3
 24-bit up counter                                     : 1
 32-bit up counter                                     : 1
 8-bit up counter                                      : 1
# Registers                                            : 198
 1-bit register                                        : 191
 13-bit register                                       : 1
 3-bit register                                        : 1
 32-bit register                                       : 1
 8-bit register                                        : 3
 80-bit register                                       : 1
# Comparators                                          : 4
 13-bit comparator less                                : 1
 3-bit comparator less                                 : 1
 32-bit comparator greater                             : 1
 8-bit comparator less                                 : 1
# Multiplexers                                         : 2
 1-bit 80-to-1 multiplexer                             : 2
# Xors                                                 : 3
 1-bit xor2                                            : 3

=========================================================================

=========================================================================
*                       Advanced HDL Synthesis                          *
=========================================================================

Analyzing FSM <FSM_2> for best encoding.
Optimizing FSM <r_SM_Act_State/FSM> on signal <r_SM_Act_State[1:3]> with gray encoding.
----------------------------
 State          | Encoding
----------------------------
 s_idle         | 000
 s_rx_start_bit | 001
 s_rx_data_bits | 011
 s_rx_stop_bit  | 010
 s_cleanup      | 110
----------------------------
Analyzing FSM <FSM_1> for best encoding.
Optimizing FSM <est_actual/FSM> on signal <est_actual[1:6]> with one-hot encoding.
-------------------------
 State       | Encoding
-------------------------
 espera      | 000001
 agrega      | 000100
 recorre     | 001000
 conteo      | 000010
 limpia      | 100000
 recorre_crc | 010000
-------------------------
Analyzing FSM <FSM_0> for best encoding.
Optimizing FSM <est_OOK_actual/FSM> on signal <est_OOK_actual[1:2]> with user encoding.
--------------------
 State  | Encoding
--------------------
 espera | 00
 conteo | 01
 envia  | 10
--------------------

=========================================================================
Advanced HDL Synthesis Report

Macro Statistics
# FSMs                                                 : 3
# Adders/Subtractors                                   : 6
 13-bit adder                                          : 1
 3-bit adder                                           : 1
 32-bit subtractor                                     : 1
 7-bit subtractor                                      : 2
 8-bit adder                                           : 1
# Counters                                             : 3
 24-bit up counter                                     : 1
 32-bit up counter                                     : 1
 8-bit up counter                                      : 1
# Registers                                            : 343
 Flip-Flops                                            : 343
# Comparators                                          : 4
 13-bit comparator less                                : 1
 3-bit comparator less                                 : 1
 32-bit comparator greater                             : 1
 8-bit comparator less                                 : 1
# Multiplexers                                         : 2
 1-bit 80-to-1 multiplexer                             : 2
# Xors                                                 : 3
 1-bit xor2                                            : 3

=========================================================================

=========================================================================
*                         Low Level Synthesis                           *
=========================================================================
INFO:Xst:2261 - The FF/Latch <o_RX_Byte_0> in Unit <UART_RX> is equivalent to the following 7 FFs/Latches, which will be removed : <o_RX_Byte_1> <o_RX_Byte_2> <o_RX_Byte_3> <o_RX_Byte_4> <o_RX_Byte_5> <o_RX_Byte_6> <o_RX_Byte_7> 

Optimizing unit <UART_RX> ...

Mapping all equations...
Building and optimizing final netlist ...
Found area constraint ratio of 100 (+ 5) on block UART_RX, actual ratio is 8.
FlipFlop counter1_4 has been replicated 1 time(s)

Final Macro Processing ...

Processing Unit <UART_RX> :
	Found 2-bit shift register for signal <r_RX_Data>.
Unit <UART_RX> processed.

=========================================================================
Final Register Report

Macro Statistics
# Registers                                            : 410
 Flip-Flops                                            : 410
# Shift Registers                                      : 1
 2-bit shift register                                  : 1

=========================================================================

=========================================================================
*                           Partition Report                            *
=========================================================================

Partition Implementation Status
-------------------------------

  No Partitions were found in this design.

-------------------------------

=========================================================================
*                            Final Report                               *
=========================================================================
Final Results
RTL Top Level Output File Name     : UART_RX.ngr
Top Level Output File Name         : UART_RX
Output Format                      : NGC
Optimization Goal                  : Speed
Keep Hierarchy                     : No

Design Statistics
# IOs                              : 11

Cell Usage :
# BELS                             : 976
#      GND                         : 1
#      INV                         : 43
#      LUT1                        : 78
#      LUT2                        : 109
#      LUT2_D                      : 2
#      LUT3                        : 175
#      LUT3_D                      : 5
#      LUT3_L                      : 1
#      LUT4                        : 202
#      LUT4_D                      : 7
#      LUT4_L                      : 24
#      MUXCY                       : 136
#      MUXF5                       : 50
#      MUXF6                       : 20
#      MUXF7                       : 9
#      MUXF8                       : 4
#      VCC                         : 1
#      XORCY                       : 109
# FlipFlops/Latches                : 411
#      FD                          : 19
#      FDC                         : 87
#      FDCE                        : 24
#      FDE                         : 278
#      FDP                         : 1
#      FDRS                        : 1
#      FDS                         : 1
# Shift Registers                  : 1
#      SRL16                       : 1
# Clock Buffers                    : 1
#      BUFGP                       : 1
# IO Buffers                       : 10
#      IBUF                        : 2
#      OBUF                        : 8
=========================================================================

Device utilization summary:
---------------------------

Selected Device : 3s500efg320-5 

 Number of Slices:                      401  out of   4656     8%  
 Number of Slice Flip Flops:            411  out of   9312     4%  
 Number of 4 input LUTs:                647  out of   9312     6%  
    Number used as logic:               646
    Number used as Shift registers:       1
 Number of IOs:                          11
 Number of bonded IOBs:                  11  out of    232     4%  
 Number of GCLKs:                         1  out of     24     4%  

---------------------------
Partition Resource Summary:
---------------------------

  No Partitions were found in this design.

---------------------------


=========================================================================
TIMING REPORT

NOTE: THESE TIMING NUMBERS ARE ONLY A SYNTHESIS ESTIMATE.
      FOR ACCURATE TIMING INFORMATION PLEASE REFER TO THE TRACE REPORT
      GENERATED AFTER PLACE-and-ROUTE.

Clock Information:
------------------
-----------------------------------+------------------------+-------+
Clock Signal                       | Clock buffer(FF name)  | Load  |
-----------------------------------+------------------------+-------+
i_Clk                              | BUFGP                  | 412   |
-----------------------------------+------------------------+-------+

Asynchronous Control Signals Information:
----------------------------------------
-----------------------------------+------------------------+-------+
Control Signal                     | Buffer(FF name)        | Load  |
-----------------------------------+------------------------+-------+
i_Reset                            | IBUF                   | 112   |
-----------------------------------+------------------------+-------+

Timing Summary:
---------------
Speed Grade: -5

   Minimum period: 6.829ns (Maximum Frequency: 146.439MHz)
   Minimum input arrival time before clock: 4.535ns
   Maximum output required time after clock: 4.326ns
   Maximum combinational path delay: No path found

Timing Detail:
--------------
All values displayed in nanoseconds (ns)

=========================================================================
Timing constraint: Default period analysis for Clock 'i_Clk'
  Clock period: 6.829ns (frequency: 146.439MHz)
  Total number of paths / destination ports: 10419 / 675
-------------------------------------------------------------------------
Delay:               6.829ns (Levels of Logic = 7)
  Source:            counter1_5 (FF)
  Destination:       crc_temp_2 (FF)
  Source Clock:      i_Clk rising
  Destination Clock: i_Clk rising

  Data Path: counter1_5 to crc_temp_2
                                Gate     Net
    Cell:in->out      fanout   Delay   Delay  Logical Name (Net Name)
    ----------------------------------------  ------------
     FDE:C->Q              4   0.514   0.568  counter1_5 (counter1_5)
     LUT2:I1->O           16   0.612   0.879  Msub_Data_out_addsub0000_Madd_xor<5>11 (Data_out_addsub0000<5>)
     MUXF5:S->O            1   0.641   0.000  Mmux_Data_out_mux0000_11_f5 (Mmux_Data_out_mux0000_11_f5)
     MUXF6:I1->O           1   0.451   0.000  Mmux_Data_out_mux0000_10_f6 (Mmux_Data_out_mux0000_10_f6)
     MUXF7:I1->O           1   0.451   0.000  Mmux_Data_out_mux0000_9_f7 (Mmux_Data_out_mux0000_9_f7)
     MUXF8:I1->O           1   0.451   0.387  Mmux_Data_out_mux0000_8_f8 (Mmux_Data_out_mux0000_8_f8)
     LUT4_D:I2->O          2   0.612   0.383  Data_out_addsub0000<6>58 (Data_out_addsub0000<6>58)
     LUT4:I3->O            1   0.612   0.000  crc_temp_2_mux00001 (crc_temp_2_mux0000)
     FDCE:D                    0.268          crc_temp_2
    ----------------------------------------
    Total                      6.829ns (4.612ns logic, 2.217ns route)
                                       (67.5% logic, 32.5% route)

=========================================================================
Timing constraint: Default OFFSET IN BEFORE for Clock 'i_Clk'
  Total number of paths / destination ports: 263 / 263
-------------------------------------------------------------------------
Offset:              4.535ns (Levels of Logic = 2)
  Source:            i_Reset (PAD)
  Destination:       Data_crc_0 (FF)
  Destination Clock: i_Clk rising

  Data Path: i_Reset to Data_crc_0
                                Gate     Net
    Cell:in->out      fanout   Delay   Delay  Logical Name (Net Name)
    ----------------------------------------  ------------
     IBUF:I->O           120   1.106   1.248  i_Reset_IBUF (i_Reset_IBUF)
     LUT2:I0->O           80   0.612   1.086  Data_crc_and00001 (Data_crc_and0000)
     FDE:CE                    0.483          Data_crc_0
    ----------------------------------------
    Total                      4.535ns (2.201ns logic, 2.334ns route)
                                       (48.5% logic, 51.5% route)

=========================================================================
Timing constraint: Default OFFSET OUT AFTER for Clock 'i_Clk'
  Total number of paths / destination ports: 8 / 8
-------------------------------------------------------------------------
Offset:              4.326ns (Levels of Logic = 1)
  Source:            o_RX_Byte_0 (FF)
  Destination:       o_RX_Byte<7> (PAD)
  Source Clock:      i_Clk rising

  Data Path: o_RX_Byte_0 to o_RX_Byte<7>
                                Gate     Net
    Cell:in->out      fanout   Delay   Delay  Logical Name (Net Name)
    ----------------------------------------  ------------
     FDE:C->Q              8   0.514   0.643  o_RX_Byte_0 (o_RX_Byte_0)
     OBUF:I->O                 3.169          o_RX_Byte_7_OBUF (o_RX_Byte<7>)
    ----------------------------------------
    Total                      4.326ns (3.683ns logic, 0.643ns route)
                                       (85.1% logic, 14.9% route)

=========================================================================


Total REAL time to Xst completion: 9.00 secs
Total CPU time to Xst completion: 8.15 secs
 
--> 

Total memory usage is 383572 kilobytes

Number of errors   :    0 (   0 filtered)
Number of warnings :    3 (   0 filtered)
Number of infos    :    4 (   0 filtered)

