V3 3
FL C:/.Xilinx/uart_test/UART_TX.vhd 2017/09/25.22:42:59 P.20131013
EN work/UART_RX 1506397385 FL C:/.Xilinx/uart_test/UART_TX.vhd \
      PB ieee/std_logic_1164 1381692176 PB ieee/NUMERIC_STD 1381692181 \
      PB ieee/STD_LOGIC_UNSIGNED 1381692179
AR work/UART_RX/rtl 1506397386 \
      FL C:/.Xilinx/uart_test/UART_TX.vhd EN work/UART_RX 1506397385
